###############################################################################
#
# IAR ELF Linker V7.40.3.8902/W32 for ARM                 27/Jun/2018  18:32:44
# Copyright 2007-2015 IAR Systems AB.
#
#    Output file  =  
#        D:\WorkPlace\光电小车\山外K60 UD专属例程6.2\K60
#        UD版代码\37.LCD_英文_汉字_浮点数_整型_显示\Prj\IAR\DZ10_Debug\Exe\vcan_Kinetis.out
#    Map file     =  
#        D:\WorkPlace\光电小车\山外K60 UD专属例程6.2\K60
#        UD版代码\37.LCD_英文_汉字_浮点数_整型_显示\Prj\IAR\DZ10_Debug\List\vcan_Kinetis.map
#    Command line =  
#        "D:\WorkPlace\光电小车\山外K60 UD专属例程6.2\K60
#        UD版代码\37.LCD_英文_汉字_浮点数_整型_显示\Prj\IAR\DZ10_Debug\Obj\car.o"
#        "D:\WorkPlace\光电小车\山外K60 UD专属例程6.2\K60
#        UD版代码\37.LCD_英文_汉字_浮点数_整型_显示\Prj\IAR\DZ10_Debug\Obj\diskio.o"
#        "D:\WorkPlace\光电小车\山外K60 UD专属例程6.2\K60
#        UD版代码\37.LCD_英文_汉字_浮点数_整型_显示\Prj\IAR\DZ10_Debug\Obj\ff.o"
#        "D:\WorkPlace\光电小车\山外K60 UD专属例程6.2\K60
#        UD版代码\37.LCD_英文_汉字_浮点数_整型_显示\Prj\IAR\DZ10_Debug\Obj\main.o"
#        "D:\WorkPlace\光电小车\山外K60 UD专属例程6.2\K60
#        UD版代码\37.LCD_英文_汉字_浮点数_整型_显示\Prj\IAR\DZ10_Debug\Obj\misc.o"
#        "D:\WorkPlace\光电小车\山外K60 UD专属例程6.2\K60
#        UD版代码\37.LCD_英文_汉字_浮点数_整型_显示\Prj\IAR\DZ10_Debug\Obj\MK60_adc.o"
#        "D:\WorkPlace\光电小车\山外K60 UD专属例程6.2\K60
#        UD版代码\37.LCD_英文_汉字_浮点数_整型_显示\Prj\IAR\DZ10_Debug\Obj\MK60_can.o"
#        "D:\WorkPlace\光电小车\山外K60 UD专属例程6.2\K60
#        UD版代码\37.LCD_英文_汉字_浮点数_整型_显示\Prj\IAR\DZ10_Debug\Obj\MK60_conf.o"
#        "D:\WorkPlace\光电小车\山外K60 UD专属例程6.2\K60
#        UD版代码\37.LCD_英文_汉字_浮点数_整型_显示\Prj\IAR\DZ10_Debug\Obj\MK60_dac.o"
#        "D:\WorkPlace\光电小车\山外K60 UD专属例程6.2\K60
#        UD版代码\37.LCD_英文_汉字_浮点数_整型_显示\Prj\IAR\DZ10_Debug\Obj\MK60_dma.o"
#        "D:\WorkPlace\光电小车\山外K60 UD专属例程6.2\K60
#        UD版代码\37.LCD_英文_汉字_浮点数_整型_显示\Prj\IAR\DZ10_Debug\Obj\MK60_DWT.o"
#        "D:\WorkPlace\光电小车\山外K60 UD专属例程6.2\K60
#        UD版代码\37.LCD_英文_汉字_浮点数_整型_显示\Prj\IAR\DZ10_Debug\Obj\MK60_flexbus.o"
#        "D:\WorkPlace\光电小车\山外K60 UD专属例程6.2\K60
#        UD版代码\37.LCD_英文_汉字_浮点数_整型_显示\Prj\IAR\DZ10_Debug\Obj\MK60_ftm.o"
#        "D:\WorkPlace\光电小车\山外K60 UD专属例程6.2\K60
#        UD版代码\37.LCD_英文_汉字_浮点数_整型_显示\Prj\IAR\DZ10_Debug\Obj\MK60_gpio.o"
#        "D:\WorkPlace\光电小车\山外K60 UD专属例程6.2\K60
#        UD版代码\37.LCD_英文_汉字_浮点数_整型_显示\Prj\IAR\DZ10_Debug\Obj\MK60_i2c.o"
#        "D:\WorkPlace\光电小车\山外K60 UD专属例程6.2\K60
#        UD版代码\37.LCD_英文_汉字_浮点数_整型_显示\Prj\IAR\DZ10_Debug\Obj\MK60_it.o"
#        "D:\WorkPlace\光电小车\山外K60 UD专属例程6.2\K60
#        UD版代码\37.LCD_英文_汉字_浮点数_整型_显示\Prj\IAR\DZ10_Debug\Obj\MK60_lptmr.o"
#        "D:\WorkPlace\光电小车\山外K60 UD专属例程6.2\K60
#        UD版代码\37.LCD_英文_汉字_浮点数_整型_显示\Prj\IAR\DZ10_Debug\Obj\MK60_mcg.o"
#        "D:\WorkPlace\光电小车\山外K60 UD专属例程6.2\K60
#        UD版代码\37.LCD_英文_汉字_浮点数_整型_显示\Prj\IAR\DZ10_Debug\Obj\MK60_PIT.o"
#        "D:\WorkPlace\光电小车\山外K60 UD专属例程6.2\K60
#        UD版代码\37.LCD_英文_汉字_浮点数_整型_显示\Prj\IAR\DZ10_Debug\Obj\MK60_port.o"
#        "D:\WorkPlace\光电小车\山外K60 UD专属例程6.2\K60
#        UD版代码\37.LCD_英文_汉字_浮点数_整型_显示\Prj\IAR\DZ10_Debug\Obj\MK60_rtc.o"
#        "D:\WorkPlace\光电小车\山外K60 UD专属例程6.2\K60
#        UD版代码\37.LCD_英文_汉字_浮点数_整型_显示\Prj\IAR\DZ10_Debug\Obj\MK60_sdhc.o"
#        "D:\WorkPlace\光电小车\山外K60 UD专属例程6.2\K60
#        UD版代码\37.LCD_英文_汉字_浮点数_整型_显示\Prj\IAR\DZ10_Debug\Obj\MK60_spi.o"
#        "D:\WorkPlace\光电小车\山外K60 UD专属例程6.2\K60
#        UD版代码\37.LCD_英文_汉字_浮点数_整型_显示\Prj\IAR\DZ10_Debug\Obj\MK60_SysTick.o"
#        "D:\WorkPlace\光电小车\山外K60 UD专属例程6.2\K60
#        UD版代码\37.LCD_英文_汉字_浮点数_整型_显示\Prj\IAR\DZ10_Debug\Obj\MK60_uart.o"
#        "D:\WorkPlace\光电小车\山外K60 UD专属例程6.2\K60
#        UD版代码\37.LCD_英文_汉字_浮点数_整型_显示\Prj\IAR\DZ10_Debug\Obj\MK60_usb.o"
#        "D:\WorkPlace\光电小车\山外K60 UD专属例程6.2\K60
#        UD版代码\37.LCD_英文_汉字_浮点数_整型_显示\Prj\IAR\DZ10_Debug\Obj\MK60_wdog.o"
#        "D:\WorkPlace\光电小车\山外K60 UD专属例程6.2\K60
#        UD版代码\37.LCD_英文_汉字_浮点数_整型_显示\Prj\IAR\DZ10_Debug\Obj\PID.o"
#        "D:\WorkPlace\光电小车\山外K60 UD专属例程6.2\K60
#        UD版代码\37.LCD_英文_汉字_浮点数_整型_显示\Prj\IAR\DZ10_Debug\Obj\startup_MK60DZ10.o"
#        "D:\WorkPlace\光电小车\山外K60 UD专属例程6.2\K60
#        UD版代码\37.LCD_英文_汉字_浮点数_整型_显示\Prj\IAR\DZ10_Debug\Obj\system_MK60DZ10.o"
#        "D:\WorkPlace\光电小车\山外K60 UD专属例程6.2\K60
#        UD版代码\37.LCD_英文_汉字_浮点数_整型_显示\Prj\IAR\DZ10_Debug\Obj\USB.o"
#        "D:\WorkPlace\光电小车\山外K60 UD专属例程6.2\K60
#        UD版代码\37.LCD_英文_汉字_浮点数_整型_显示\Prj\IAR\DZ10_Debug\Obj\USB_CDC.o"
#        "D:\WorkPlace\光电小车\山外K60 UD专属例程6.2\K60
#        UD版代码\37.LCD_英文_汉字_浮点数_整型_显示\Prj\IAR\DZ10_Debug\Obj\VCAN_ASCII.o"
#        "D:\WorkPlace\光电小车\山外K60 UD专属例程6.2\K60
#        UD版代码\37.LCD_英文_汉字_浮点数_整型_显示\Prj\IAR\DZ10_Debug\Obj\VCAN_BMP.o"
#        "D:\WorkPlace\光电小车\山外K60 UD专属例程6.2\K60
#        UD版代码\37.LCD_英文_汉字_浮点数_整型_显示\Prj\IAR\DZ10_Debug\Obj\VCAN_camera.o"
#        "D:\WorkPlace\光电小车\山外K60 UD专属例程6.2\K60
#        UD版代码\37.LCD_英文_汉字_浮点数_整型_显示\Prj\IAR\DZ10_Debug\Obj\VCAN_computer.o"
#        "D:\WorkPlace\光电小车\山外K60 UD专属例程6.2\K60
#        UD版代码\37.LCD_英文_汉字_浮点数_整型_显示\Prj\IAR\DZ10_Debug\Obj\vcan_img2sd.o"
#        "D:\WorkPlace\光电小车\山外K60 UD专属例程6.2\K60
#        UD版代码\37.LCD_英文_汉字_浮点数_整型_显示\Prj\IAR\DZ10_Debug\Obj\VCAN_key.o"
#        "D:\WorkPlace\光电小车\山外K60 UD专属例程6.2\K60
#        UD版代码\37.LCD_英文_汉字_浮点数_整型_显示\Prj\IAR\DZ10_Debug\Obj\VCAN_key_event.o"
#        "D:\WorkPlace\光电小车\山外K60 UD专属例程6.2\K60
#        UD版代码\37.LCD_英文_汉字_浮点数_整型_显示\Prj\IAR\DZ10_Debug\Obj\VCAN_LCD.o"
#        "D:\WorkPlace\光电小车\山外K60 UD专属例程6.2\K60
#        UD版代码\37.LCD_英文_汉字_浮点数_整型_显示\Prj\IAR\DZ10_Debug\Obj\VCAN_LCD_CH.o"
#        "D:\WorkPlace\光电小车\山外K60 UD专属例程6.2\K60
#        UD版代码\37.LCD_英文_汉字_浮点数_整型_显示\Prj\IAR\DZ10_Debug\Obj\VCAN_LCD_ILI9325.o"
#        "D:\WorkPlace\光电小车\山外K60 UD专属例程6.2\K60
#        UD版代码\37.LCD_英文_汉字_浮点数_整型_显示\Prj\IAR\DZ10_Debug\Obj\VCAN_LCD_ILI9341.o"
#        "D:\WorkPlace\光电小车\山外K60 UD专属例程6.2\K60
#        UD版代码\37.LCD_英文_汉字_浮点数_整型_显示\Prj\IAR\DZ10_Debug\Obj\VCAN_LCD_ST7735R.o"
#        "D:\WorkPlace\光电小车\山外K60 UD专属例程6.2\K60
#        UD版代码\37.LCD_英文_汉字_浮点数_整型_显示\Prj\IAR\DZ10_Debug\Obj\VCAN_LCD_ST7735S.o"
#        "D:\WorkPlace\光电小车\山外K60 UD专属例程6.2\K60
#        UD版代码\37.LCD_英文_汉字_浮点数_整型_显示\Prj\IAR\DZ10_Debug\Obj\VCAN_LED.o"
#        "D:\WorkPlace\光电小车\山外K60 UD专属例程6.2\K60
#        UD版代码\37.LCD_英文_汉字_浮点数_整型_显示\Prj\IAR\DZ10_Debug\Obj\VCAN_MMA7455.o"
#        "D:\WorkPlace\光电小车\山外K60 UD专属例程6.2\K60
#        UD版代码\37.LCD_英文_汉字_浮点数_整型_显示\Prj\IAR\DZ10_Debug\Obj\VCAN_NRF24L0.o"
#        "D:\WorkPlace\光电小车\山外K60 UD专属例程6.2\K60
#        UD版代码\37.LCD_英文_汉字_浮点数_整型_显示\Prj\IAR\DZ10_Debug\Obj\VCAN_NRF24L0_MSG.o"
#        "D:\WorkPlace\光电小车\山外K60 UD专属例程6.2\K60
#        UD版代码\37.LCD_英文_汉字_浮点数_整型_显示\Prj\IAR\DZ10_Debug\Obj\VCAN_OV7725_Eagle.o"
#        "D:\WorkPlace\光电小车\山外K60 UD专属例程6.2\K60
#        UD版代码\37.LCD_英文_汉字_浮点数_整型_显示\Prj\IAR\DZ10_Debug\Obj\VCAN_OV7725_Wolf.o"
#        "D:\WorkPlace\光电小车\山外K60 UD专属例程6.2\K60
#        UD版代码\37.LCD_英文_汉字_浮点数_整型_显示\Prj\IAR\DZ10_Debug\Obj\VCAN_RTC_count.o"
#        "D:\WorkPlace\光电小车\山外K60 UD专属例程6.2\K60
#        UD版代码\37.LCD_英文_汉字_浮点数_整型_显示\Prj\IAR\DZ10_Debug\Obj\VCAN_SCCB.o"
#        "D:\WorkPlace\光电小车\山外K60 UD专属例程6.2\K60
#        UD版代码\37.LCD_英文_汉字_浮点数_整型_显示\Prj\IAR\DZ10_Debug\Obj\vcan_sd_app.o"
#        "D:\WorkPlace\光电小车\山外K60 UD专属例程6.2\K60
#        UD版代码\37.LCD_英文_汉字_浮点数_整型_显示\Prj\IAR\DZ10_Debug\Obj\Vcan_touch.o"
#        "D:\WorkPlace\光电小车\山外K60 UD专属例程6.2\K60
#        UD版代码\37.LCD_英文_汉字_浮点数_整型_显示\Prj\IAR\DZ10_Debug\Obj\VCAN_TSL1401.o"
#        "D:\WorkPlace\光电小车\山外K60 UD专属例程6.2\K60
#        UD版代码\37.LCD_英文_汉字_浮点数_整型_显示\Prj\IAR\DZ10_Debug\Obj\VCAN_UI_VAR.o"
#        "D:\WorkPlace\光电小车\山外K60 UD专属例程6.2\K60
#        UD版代码\37.LCD_英文_汉字_浮点数_整型_显示\Prj\IAR\DZ10_Debug\Obj\vectors.o"
#        -o "D:\WorkPlace\光电小车\山外K60 UD专属例程6.2\K60
#        UD版代码\37.LCD_英文_汉字_浮点数_整型_显示\Prj\IAR\DZ10_Debug\Exe\vcan_Kinetis.out"
#        --map "D:\WorkPlace\光电小车\山外K60 UD专属例程6.2\K60
#        UD版代码\37.LCD_英文_汉字_浮点数_整型_显示\Prj\IAR\DZ10_Debug\List\vcan_Kinetis.map"
#        --config "D:\WorkPlace\光电小车\山外K60 UD专属例程6.2\K60
#        UD版代码\37.LCD_英文_汉字_浮点数_整型_显示\Prj\IAR\config
#        files\vcan_ROM_K60N512.icf" "D:\WorkPlace\光电小车\山外K60
#        UD专属例程6.2\K60
#        UD版代码\37.LCD_英文_汉字_浮点数_整型_显示\Prj\IAR\..\..\Lib\CMSIS\iar_cortexM4l_math.a"
#        --entry __iar_program_start --vfe
#
###############################################################################

*******************************************************************************
*** RUNTIME MODEL ATTRIBUTES
***

CppFlavor       = *
__SystemLibrary = DLib


*******************************************************************************
*** PLACEMENT SUMMARY
***

"A1":  place at 0x00008000 { ro section .intvec };
"A2":  place at 0x00008410 { ro section .noinit };
"P1":  place in [from 0x00008000 to 0x00080000] { ro, block CodeRelocate };
"P2":  place in [from 0x1fff0410 to 0x20010000] {
          rw, block CodeRelocateRam, block CSTACK, block HEAP };

  Section              Kind        Address    Size  Object
  -------              ----        -------    ----  ------
"A1":                                        0x410
  .intvec              const    0x00008000   0x410  vectors.o [1]
                              - 0x00008410   0x410

"A2":                                          0x8
  .noinit              ro code  0x00008410     0x8  startup_MK60DZ10.o [1]
                              - 0x00008418     0x8

"P1":                                       0x5630
  .text                ro code  0x00008418  0x1c2c  VCAN_LCD_ST7735S.o [1]
  .text                ro code  0x0000a044    0xf0  MK60_gpio.o [1]
  .text                ro code  0x0000a134    0x4c  MK60_port.o [1]
  .text                ro code  0x0000a180    0x64  MK60_SysTick.o [1]
  .text                ro code  0x0000a1e4    0xe4  MK60_conf.o [1]
  .text                ro code  0x0000a2c8    0x70  VCAN_LED.o [1]
  .text                ro code  0x0000a338   0x248  MK60_uart.o [1]
  .text                ro code  0x0000a580   0x494  VCAN_LCD.o [1]
  .text                ro code  0x0000aa14   0x34c  VCAN_LCD_CH.o [1]
  .text                ro code  0x0000ad60   0x644  main.o [1]
  .text                ro code  0x0000b3a4   0x500  MK60_ftm.o [1]
  .text                ro code  0x0000b8a4    0x7c  MK60_PIT.o [1]
  .text                ro code  0x0000b920    0x50  misc.o [1]
  .text                ro code  0x0000b970   0x364  PID.o [1]
  .text                ro code  0x0000bcd4    0x4e  FltToDbl.o [4]
  .text                ro code  0x0000bd24    0xe6  FltSub.o [4]
  .text                ro code  0x0000be0c    0xfc  FltDiv.o [4]
  .text                ro code  0x0000bf08    0xd8  FltMul.o [4]
  .text                ro code  0x0000bfe0   0x2a8  tan.o [4]
  .text                ro code  0x0000c288   0x1a2  DblMul.o [4]
  .text                ro code  0x0000c42c   0x256  DblDiv.o [4]
  .text                ro code  0x0000c684    0xe8  DblAdd.o [4]
  .text                ro code  0x0000c76c    0x90  DblToFlt.o [4]
  .text                ro code  0x0000c7fc   0x180  DblSub.o [4]
  .text                ro code  0x0000c97c    0x2e  I32ToFlt.o [4]
  .text                ro code  0x0000c9ac    0x84  FltAdd.o [4]
  .text                ro code  0x0000ca30    0x24  FltCmpGe.o [4]
  .text                ro code  0x0000ca54    0x24  FltToU32.o [4]
  .text                ro code  0x0000ca78    0x24  FltCmpLe.o [4]
  .text                ro code  0x0000ca9c    0x2e  DblCmpLe.o [4]
  .text                ro code  0x0000cacc    0x2e  DblCmpGe.o [4]
  .text                ro code  0x0000cafc    0x4c  DblToI32.o [4]
  .text                ro code  0x0000cb48    0x2c  I32ToDbl.o [4]
  .text                ro code  0x0000cb74   0x160  xquad.o [4]
  .text                ro code  0x0000ccd4     0xc  errno.o [3]
  .text                ro code  0x0000cce0    0x7e  xdint.o [4]
  .text                ro code  0x0000cd60    0x20  DblCmpEq.o [4]
  .text                ro code  0x0000cd80   0x1a8  fmod.o [4]
  .text                ro code  0x0000cf28     0x2  xtls.o [3]
  .text                ro code  0x0000cf2c     0xc  iarEdom.o [5]
  Veneer               ro code  0x0000cf38     0x8  - Linker created -
  .text                ro code  0x0000cf40   0x3c8  MK60_mcg.o [1]
  .text                ro code  0x0000d308   0x12c  system_MK60DZ10.o [1]
  .text                ro code  0x0000d434    0x40  MK60_wdog.o [1]
  .data_init                    0x0000d474    0x9c  <Block>
    Initializer bytes  const    0x0000d474    0x9c  <for .data-1>
  .rodata              const    0x0000d510    0x7c  VCAN_LCD_ST7735S.o [1]
  .rodata              const    0x0000d58c    0x78  MK60_SysTick.o [1]
  .rodata              const    0x0000d604    0x74  MK60_gpio.o [1]
  .rodata              const    0x0000d678    0x74  MK60_PIT.o [1]
  .rodata              const    0x0000d6ec    0x74  MK60_uart.o [1]
  .rodata              const    0x0000d760    0x70  misc.o [1]
  .rodata              const    0x0000d7d0    0x70  MK60_ftm.o [1]
  .rodata              const    0x0000d840    0x68  main.o [1]
  CodeRelocate                  0x0000d8a8    0x50  <Block>
    Initializer bytes  const    0x0000d8a8    0x50  <for CodeRelocateRam-1>
  .text                ro code  0x0000d8f8    0x40  zero_init3.o [5]
  .rodata              const    0x0000d938    0x3c  MK60_conf.o [1]
  .text                ro code  0x0000d974    0x28  data_init.o [5]
  .iar.init_table      const    0x0000d99c    0x10  - Linker created -
  .text                ro code  0x0000d9ac    0x1a  cmain.o [5]
  .text                ro code  0x0000d9c6     0x4  low_level_init.o [3]
  .text                ro code  0x0000d9ca     0x4  exit.o [3]
  .text                ro code  0x0000d9d0     0xa  cexit.o [5]
  .text                ro code  0x0000d9dc     0xc  XXexit.o [5]
  .rodata              const    0x0000d9e8     0xc  main.o [1]
  .text                ro code  0x0000d9f4     0xc  cstartup_M.o [5]
  .rodata              const    0x0000da00     0x8  main.o [1]
  .rodata              const    0x0000da08     0x8  main.o [1]
  .rodata              const    0x0000da10     0x8  main.o [1]
  .rodata              const    0x0000da18     0x8  main.o [1]
  .rodata              const    0x0000da20     0x8  main.o [1]
  .rodata              const    0x0000da28     0x8  main.o [1]
  .rodata              const    0x0000da30     0x4  main.o [1]
  .rodata              const    0x0000da34     0x4  MK60_conf.o [1]
  .rodata              const    0x0000da38     0x4  VCAN_LCD.o [1]
  .rodata              const    0x0000da3c     0x4  VCAN_LCD.o [1]
  .rodata              const    0x0000da40     0x4  VCAN_LCD_CH.o [1]
  .rodata              const    0x0000da44     0x0  zero_init3.o [5]
  Initializer bytes    const    0x0000da44     0x4  <for P2 s0>
                              - 0x0000da48  0x5630

"P2":                                        0x18c
  .data                         0x1fff0410    0x9c  <Block>
    .data-1                     0x1fff0410    0x9c  <Init block>
      .data            inited   0x1fff0410     0xc  MK60_ftm.o [1]
      .data            inited   0x1fff041c    0x14  MK60_gpio.o [1]
      .data            inited   0x1fff0430    0x44  MK60_mcg.o [1]
      .data            inited   0x1fff0474     0x4  MK60_mcg.o [1]
      .data            inited   0x1fff0478    0x14  MK60_port.o [1]
      .data            inited   0x1fff048c    0x18  MK60_uart.o [1]
      .data            inited   0x1fff04a4     0x2  VCAN_LCD_ST7735S.o [1]
      .data            inited   0x1fff04a6     0x2  VCAN_LCD_ST7735S.o [1]
      .data            inited   0x1fff04a8     0x4  VCAN_LED.o [1]
  CodeRelocateRam               0x1fff04ac    0x50  <Block>
    CodeRelocateRam-1           0x1fff04ac    0x50  <Init block>
      .textrw          inited   0x1fff04ac    0x50  MK60_mcg.o [1]
  .bss                          0x1fff04fc    0x9c  <Block>
    .bss               zero     0x1fff04fc     0x4  main.o [1]
    .bss               zero     0x1fff0500     0x4  main.o [1]
    .bss               zero     0x1fff0504     0xc  MK60_ftm.o [1]
    .bss               zero     0x1fff0510    0x28  PID.o [1]
    .bss               zero     0x1fff0538    0x28  PID.o [1]
    .bss               zero     0x1fff0560    0x24  PID.o [1]
    .bss               zero     0x1fff0584     0x4  system_MK60DZ10.o [1]
    .bss               zero     0x1fff0588     0x4  system_MK60DZ10.o [1]
    .bss               zero     0x1fff058c     0x4  system_MK60DZ10.o [1]
    .bss               zero     0x1fff0590     0x2  main.o [1]
    .bss               zero     0x1fff0592     0x2  main.o [1]
    .bss               zero     0x1fff0594     0x2  main.o [1]
    .bss               zero     0x1fff0596     0x1  VCAN_LCD_ST7735S.o [1]
  P2 s0                         0x1fff0598     0x4  <Init block>
    __DLIB_PERTHREAD   inited   0x1fff0598     0x4  errno.o [3]
                              - 0x1fff059c   0x18c


*******************************************************************************
*** INIT TABLE
***

          Address     Size
          -------     ----
Zero (__iar_zero_init3)
    1 destination range, total size 0x9b:
          0x1fff04fc  0x9b



*******************************************************************************
*** MODULE SUMMARY
***

    Module              ro code  rw code  ro data  rw data
    ------              -------  -------  -------  -------
D:\WorkPlace\光电小车\山外K60 UD专属例程6.2\K60 UD版代码\37.LCD_英文_汉字_浮点数_整型_显示\Prj\IAR\DZ10_Debug\Obj: [1]
    MK60_PIT.o              124               116
    MK60_SysTick.o          100               120
    MK60_conf.o             228                64
    MK60_ftm.o            1 280               124       24
    MK60_gpio.o             240               136       20
    MK60_mcg.o              968       80      152       72
    MK60_port.o              76                20       20
    MK60_uart.o             584               140       24
    MK60_wdog.o              64
    PID.o                   868                        116
    VCAN_LCD.o            1 172                 8
    VCAN_LCD_CH.o           844                 4
    VCAN_LCD_ST7735S.o    7 212               128        5
    VCAN_LED.o              112                 4        4
    main.o                1 604               168       14
    misc.o                   80               112
    startup_MK60DZ10.o        8
    system_MK60DZ10.o       300                         12
    vectors.o                               1 040
    ------------------------------------------------------
    Total:               15 864       80    2 336      311

command line: [2]
    ------------------------------------------------------
    Total:

dl7M_tln.a: [3]
    errno.o                  12                 4        4
    exit.o                    4
    low_level_init.o          4
    xtls.o                    2
    ------------------------------------------------------
    Total:                   22                 4        4

m7M_tl.a: [4]
    DblAdd.o                232
    DblCmpEq.o               32
    DblCmpGe.o               46
    DblCmpLe.o               46
    DblDiv.o                598
    DblMul.o                418
    DblSub.o                384
    DblToFlt.o              144
    DblToI32.o               76
    FltAdd.o                132
    FltCmpGe.o               36
    FltCmpLe.o               36
    FltDiv.o                252
    FltMul.o                216
    FltSub.o                230
    FltToDbl.o               78
    FltToU32.o               36
    I32ToDbl.o               44
    I32ToFlt.o               46
    fmod.o                  424
    tan.o                   680
    xdint.o                 126
    xquad.o                 352
    ------------------------------------------------------
    Total:                4 664

rt7M_tl.a: [5]
    XXexit.o                 12
    cexit.o                  10
    cmain.o                  26
    cstartup_M.o             12
    data_init.o              40
    iarEdom.o                12
    zero_init3.o             64
    ------------------------------------------------------
    Total:                  176

    Gaps                     22
    Linker created            8                16
----------------------------------------------------------
    Grand Total:         20 756       80    2 356      315


*******************************************************************************
*** ENTRY LIST
***

Entry                      Address   Size  Type      Object
-----                      -------   ----  ----      ------
.bss$$Base              0x1fff04fc          --   Gb  - Linker created -
.bss$$Limit             0x1fff0598          --   Gb  - Linker created -
.data$$Base             0x1fff0410          --   Gb  - Linker created -
.data$$Limit            0x1fff04ac          --   Gb  - Linker created -
.data_init$$Base        0x0000d474          --   Gb  - Linker created -
.data_init$$Limit       0x0000d510          --   Gb  - Linker created -
.iar.init_table$$Base   0x0000d99c          --   Gb  - Linker created -
.iar.init_table$$Limit  0x0000d9ac          --   Gb  - Linker created -
?main                   0x0000d9ad         Code  Gb  cmain.o [5]
ASSERT_FAILED_STR       0x0000d938   0x3c  Data  Gb  MK60_conf.o [1]
CodeRelocate$$Base      0x0000d8a8          --   Gb  - Linker created -
CodeRelocate$$Limit     0x0000d8f8          --   Gb  - Linker created -
CodeRelocateRam$$Base   0x1fff04ac          --   Gb  - Linker created -
CodeRelocateRam$$Limit  0x1fff04fc          --   Gb  - Linker created -
FTMN                    0x1fff0410    0xc  Data  Gb  MK60_ftm.o [1]
FTM_port_mux            0x0000b3a5  0x118  Code  Lc  MK60_ftm.o [1]
GPIOX                   0x1fff041c   0x14  Data  Gb  MK60_gpio.o [1]
LCD_Char_CH             0x0000aa15  0x1b0  Code  Gb  VCAN_LCD_CH.o [1]
LCD_ST7735S_dir         0x000093d7  0xa0c  Code  Gb  VCAN_LCD_ST7735S.o [1]
LCD_ST7735S_init        0x00008419  0xfbe  Code  Gb  VCAN_LCD_ST7735S.o [1]
LCD_ST7735S_ptlon       0x00009df9  0x21c  Code  Gb  VCAN_LCD_ST7735S.o [1]
LCD_Str_CH              0x0000abc5   0x68  Code  Gb  VCAN_LCD_CH.o [1]
LCD_Str_ENCH            0x0000ac2d  0x114  Code  Gb  VCAN_LCD_CH.o [1]
LCD_char                0x0000a67d  0x1c6  Code  Gb  VCAN_LCD.o [1]
LCD_init                0x0000a581   0x2c  Code  Gb  VCAN_LCD.o [1]
LCD_num_BC              0x0000a8f9   0xfe  Code  Gb  VCAN_LCD.o [1]
LCD_rectangle           0x0000a5ad   0xd0  Code  Gb  VCAN_LCD.o [1]
LCD_str                 0x0000a843   0xb6  Code  Gb  VCAN_LCD.o [1]
LED_PTxn                0x1fff04a8    0x4  Data  Gb  VCAN_LED.o [1]
NVIC_EnableIRQ          0x0000ad61   0x16  Code  Lc  main.o [1]
PID_init2               0x0000bc6d   0x3a  Code  Gb  PID.o [1]
PID_init_left           0x0000b971   0x56  Code  Gb  PID.o [1]
PID_init_right          0x0000bb0f   0x3e  Code  Gb  PID.o [1]
PID_realize_left        0x0000b9c7  0x148  Code  Gb  PID.o [1]
PID_realize_right       0x0000bb4d  0x120  Code  Gb  PID.o [1]
PIT0_IRQHandler         0x0000b1f5   0x28  Code  Gb  main.o [1]
PIT1_IRQHandler         0x0000b21d   0x26  Code  Gb  main.o [1]
PORTX                   0x1fff0478   0x14  Data  Gb  MK60_port.o [1]
Region$$Table$$Base     0x0000d99c          --   Gb  - Linker created -
Region$$Table$$Limit    0x0000d9ac          --   Gb  - Linker created -
Reset_Handler           0x00008411         Code  Gb  startup_MK60DZ10.o [1]
ST7735S_get_h           0x0000a015    0x6  Code  Gb  VCAN_LCD_ST7735S.o [1]
ST7735S_get_w           0x0000a01b    0x6  Code  Gb  VCAN_LCD_ST7735S.o [1]
SpeedA                  0x1fff04fc    0x4  Data  Gb  main.o [1]
SpeedB                  0x1fff0500    0x4  Data  Gb  main.o [1]
Speedcontrol            0x0000b243   0xf4  Code  Gb  main.o [1]
UARTN                   0x1fff048c   0x18  Data  Gb  MK60_uart.o [1]
__BOOT_STACK_ADDRESS {Abs}
                        0x2000fff8          --   Gb  command line/config [2]
__VECTOR_RAM {Abs}      0x1fff0000          --   Gb  command line/config [2]
__VECTOR_TABLE {Abs}    0x00008000          --   Gb  command line/config [2]
__aeabi_cdcmpeq         0x0000cd61         Code  Gb  DblCmpEq.o [4]
__aeabi_cdcmple         0x0000ca9d         Code  Gb  DblCmpLe.o [4]
__aeabi_cdrcmple        0x0000cacd         Code  Gb  DblCmpGe.o [4]
__aeabi_cfcmple         0x0000ca79         Code  Gb  FltCmpLe.o [4]
__aeabi_cfrcmple        0x0000ca31         Code  Gb  FltCmpGe.o [4]
__aeabi_d2f             0x0000c76d         Code  Gb  DblToFlt.o [4]
__aeabi_d2iz            0x0000cafd         Code  Gb  DblToI32.o [4]
__aeabi_dadd            0x0000c685         Code  Gb  DblAdd.o [4]
__aeabi_ddiv            0x0000c42d         Code  Gb  DblDiv.o [4]
__aeabi_dmul            0x0000c289         Code  Gb  DblMul.o [4]
__aeabi_dsub            0x0000c7fd         Code  Gb  DblSub.o [4]
__aeabi_errno_addr      0x0000ccd5    0x6  Code  Gb  errno.o [3]
__aeabi_f2d             0x0000bcd5         Code  Gb  FltToDbl.o [4]
__aeabi_f2uiz           0x0000ca55         Code  Gb  FltToU32.o [4]
__aeabi_fadd            0x0000c9ad         Code  Gb  FltAdd.o [4]
__aeabi_fdiv            0x0000be0d         Code  Gb  FltDiv.o [4]
__aeabi_fmul            0x0000bf09         Code  Gb  FltMul.o [4]
__aeabi_fsub            0x0000bd25         Code  Gb  FltSub.o [4]
__aeabi_i2d             0x0000cb49         Code  Gb  I32ToDbl.o [4]
__aeabi_i2f             0x0000c97d         Code  Gb  I32ToFlt.o [4]
__cmain                 0x0000d9ad         Code  Gb  cmain.o [5]
__code_start__ {Abs}    0x00008410          --   Gb  command line/config [2]
__exit                  0x0000d9dd         Code  Gb  XXexit.o [5]
__iar_Dint              0x0000cce1   0x7e  Code  Gb  xdint.o [4]
__iar_Errno             0x1fff0598    0x4  Data  Gb  errno.o [3]
__iar_Quad              0x0000cb75  0x160  Code  Gb  xquad.o [4]
__iar_d2uiz             0x0000cb29         Code  Gb  DblToI32.o [4]
__iar_dadd              0x0000c699         Code  Gb  DblAdd.o [4]
__iar_data_init3        0x0000d975   0x28  Code  Gb  data_init.o [5]
__iar_dlib_perthread_access
                        0x0000cf29    0x2  Code  Gb  xtls.o [3]
__iar_dsub              0x0000c811         Code  Gb  DblSub.o [4]
__iar_dsubStart         0x0000c823         Code  Gb  DblSub.o [4]
__iar_edom              0x0000cf2d         Code  Gb  iarEdom.o [5]
__iar_fadd              0x0000c9bd         Code  Gb  FltAdd.o [4]
__iar_fmod              0x0000cd81         Code  Gb  fmod.o [4]
__iar_fmodl             0x0000cd81         Code  Gb  fmod.o [4]
__iar_fsub              0x0000bd35         Code  Gb  FltSub.o [4]
__iar_fsubStart         0x0000bd45         Code  Gb  FltSub.o [4]
__iar_program_start     0x0000d9f5         Code  Gb  cstartup_M.o [5]
__iar_ui2d              0x0000cb5d         Code  Gb  I32ToDbl.o [4]
__iar_ui2f              0x0000c991         Code  Gb  I32ToFlt.o [4]
__iar_zero_init3        0x0000d8f9   0x40  Code  Gb  zero_init3.o [5]
__low_level_init        0x0000d9c7    0x4  Code  Gb  low_level_init.o [3]
__vector_table          0x00008000  0x410  Data  Gb  vectors.o [1]
_call_main              0x0000d9b9         Code  Gb  cmain.o [5]
_exit                   0x0000d9d1         Code  Gb  cexit.o [5]
_main                   0x0000d9c3         Code  Gb  cmain.o [5]
actual_speed            0x1fff0590    0x2  Data  Gb  main.o [1]
actual_speed_left       0x1fff0592    0x2  Data  Gb  main.o [1]
actual_speed_right      0x1fff0594    0x2  Data  Gb  main.o [1]
assert_failed           0x0000a1e5   0x42  Code  Gb  MK60_conf.o [1]
bus_clk_khz             0x1fff058c    0x4  Data  Gb  system_MK60DZ10.o [1]
common_startup          0x0000d363   0x98  Code  Gb  system_MK60DZ10.o [1]
core_clk_khz            0x1fff0584    0x4  Data  Gb  system_MK60DZ10.o [1]
core_clk_mhz            0x1fff0588    0x4  Data  Gb  system_MK60DZ10.o [1]
default_isr             0x0000a23d   0x68  Code  Gb  MK60_conf.o [1]
enter_fputc             0x0000a229   0x14  Code  Gb  MK60_conf.o [1]
exit                    0x0000d9cb    0x4  Code  Gb  exit.o [3]
fmod                    0x0000cd81         Code  Gb  fmod.o [4]
fmodl                   0x0000cd81         Code  Gb  fmod.o [4]
ftm_mod                 0x1fff0504    0xc  Data  Lc  MK60_ftm.o [1]
ftm_pwm_duty            0x0000b64b   0xe4  Code  Gb  MK60_ftm.o [1]
ftm_pwm_init            0x0000b4bd  0x18e  Code  Gb  MK60_ftm.o [1]
ftm_quad_clean          0x0000b861   0x28  Code  Gb  MK60_ftm.o [1]
ftm_quad_get            0x0000b835   0x2c  Code  Gb  MK60_ftm.o [1]
ftm_quad_init           0x0000b72f  0x106  Code  Gb  MK60_ftm.o [1]
getitem                 0x0000bca7    0xe  Code  Gb  PID.o [1]
gpio_init               0x0000a045   0xae  Code  Gb  MK60_gpio.o [1]
gpio_turn               0x0000a0f3   0x3a  Code  Gb  MK60_gpio.o [1]
hardfault_isr           0x0000a2c1    0x8  Code  Gb  MK60_conf.o [1]
led_init                0x0000a2c9   0x3a  Code  Gb  VCAN_LED.o [1]
led_turn                0x0000a303   0x32  Code  Gb  VCAN_LED.o [1]
main                    0x0000ad77  0x47c  Code  Gb  main.o [1]
mcg_cfg                 0x1fff0430   0x44  Data  Gb  MK60_mcg.o [1]
mcg_div                 0x1fff0474    0x4  Data  Gb  MK60_mcg.o [1]
mcg_div_count           0x0000cf41  0x2fa  Code  Gb  MK60_mcg.o [1]
pid                     0x1fff0510   0x28  Data  Gb  PID.o [1]
pid2                    0x1fff0560   0x24  Data  Gb  PID.o [1]
pid3                    0x1fff0538   0x28  Data  Gb  PID.o [1]
pit_init                0x0000b8a5   0x6c  Code  Gb  MK60_PIT.o [1]
pll_init                0x0000d23b   0xb2  Code  Gb  MK60_mcg.o [1]
port_init               0x0000a135   0x44  Code  Gb  MK60_port.o [1]
set_sys_dividers        0x1fff04ad   0x50  Code  Gb  MK60_mcg.o [1]
set_vector_handler      0x0000b943   0x22  Code  Gb  misc.o [1]
st7735s_dir             0x1fff0596    0x1  Data  Gb  VCAN_LCD_ST7735S.o [1]
st7735s_h               0x1fff04a4    0x2  Data  Gb  VCAN_LCD_ST7735S.o [1]
st7735s_w               0x1fff04a6    0x2  Data  Gb  VCAN_LCD_ST7735S.o [1]
start                   0x0000d309   0x1e  Code  Gb  system_MK60DZ10.o [1]
sysinit                 0x0000d327   0x3c  Code  Gb  system_MK60DZ10.o [1]
systick_delay           0x0000a181   0x36  Code  Gb  MK60_SysTick.o [1]
systick_delay_ms        0x0000a1b7   0x18  Code  Gb  MK60_SysTick.o [1]
tan                     0x0000bfe1  0x2a8  Code  Gb  tan.o [4]
uart_init               0x0000a339  0x214  Code  Gb  MK60_uart.o [1]
uart_putchar            0x0000a54d   0x1a  Code  Gb  MK60_uart.o [1]
wdog_disable            0x0000d435   0x16  Code  Gb  MK60_wdog.o [1]
wdog_unlock             0x0000d44b   0x20  Code  Lc  MK60_wdog.o [1]
write_vtor              0x0000b921   0x22  Code  Gb  misc.o [1]


[1] = D:\WorkPlace\光电小车\山外K60 UD专属例程6.2\K60 UD版代码\37.LCD_英文_汉字_浮点数_整型_显示\Prj\IAR\DZ10_Debug\Obj
[2] = command line
[3] = dl7M_tln.a
[4] = m7M_tl.a
[5] = rt7M_tl.a

  20 756 bytes of readonly  code memory
      80 bytes of readwrite code memory
   2 356 bytes of readonly  data memory
     315 bytes of readwrite data memory

Errors: none
Warnings: none
