###############################################################################
#
# IAR ELF Linker V7.40.3.8902/W32 for ARM                 04/Jul/2018  20:48:48
# Copyright 2007-2015 IAR Systems AB.
#
#    Output file  =  
#        C:\Users\Jack\Desktop\小车K60测试版\Prj\IAR\DZ10_Debug\Exe\vcan_Kinetis.out
#    Map file     =  
#        C:\Users\Jack\Desktop\小车K60测试版\Prj\IAR\DZ10_Debug\List\vcan_Kinetis.map
#    Command line =  
#        C:\Users\Jack\Desktop\小车K60测试版\Prj\IAR\DZ10_Debug\Obj\car.o
#        C:\Users\Jack\Desktop\小车K60测试版\Prj\IAR\DZ10_Debug\Obj\diskio.o
#        C:\Users\Jack\Desktop\小车K60测试版\Prj\IAR\DZ10_Debug\Obj\ff.o
#        C:\Users\Jack\Desktop\小车K60测试版\Prj\IAR\DZ10_Debug\Obj\main.o
#        C:\Users\Jack\Desktop\小车K60测试版\Prj\IAR\DZ10_Debug\Obj\misc.o
#        C:\Users\Jack\Desktop\小车K60测试版\Prj\IAR\DZ10_Debug\Obj\MK60_adc.o
#        C:\Users\Jack\Desktop\小车K60测试版\Prj\IAR\DZ10_Debug\Obj\MK60_can.o
#        C:\Users\Jack\Desktop\小车K60测试版\Prj\IAR\DZ10_Debug\Obj\MK60_conf.o
#        C:\Users\Jack\Desktop\小车K60测试版\Prj\IAR\DZ10_Debug\Obj\MK60_dac.o
#        C:\Users\Jack\Desktop\小车K60测试版\Prj\IAR\DZ10_Debug\Obj\MK60_dma.o
#        C:\Users\Jack\Desktop\小车K60测试版\Prj\IAR\DZ10_Debug\Obj\MK60_DWT.o
#        C:\Users\Jack\Desktop\小车K60测试版\Prj\IAR\DZ10_Debug\Obj\MK60_flexbus.o
#        C:\Users\Jack\Desktop\小车K60测试版\Prj\IAR\DZ10_Debug\Obj\MK60_ftm.o
#        C:\Users\Jack\Desktop\小车K60测试版\Prj\IAR\DZ10_Debug\Obj\MK60_gpio.o
#        C:\Users\Jack\Desktop\小车K60测试版\Prj\IAR\DZ10_Debug\Obj\MK60_i2c.o
#        C:\Users\Jack\Desktop\小车K60测试版\Prj\IAR\DZ10_Debug\Obj\MK60_it.o
#        C:\Users\Jack\Desktop\小车K60测试版\Prj\IAR\DZ10_Debug\Obj\MK60_lptmr.o
#        C:\Users\Jack\Desktop\小车K60测试版\Prj\IAR\DZ10_Debug\Obj\MK60_mcg.o
#        C:\Users\Jack\Desktop\小车K60测试版\Prj\IAR\DZ10_Debug\Obj\MK60_PIT.o
#        C:\Users\Jack\Desktop\小车K60测试版\Prj\IAR\DZ10_Debug\Obj\MK60_port.o
#        C:\Users\Jack\Desktop\小车K60测试版\Prj\IAR\DZ10_Debug\Obj\MK60_rtc.o
#        C:\Users\Jack\Desktop\小车K60测试版\Prj\IAR\DZ10_Debug\Obj\MK60_sdhc.o
#        C:\Users\Jack\Desktop\小车K60测试版\Prj\IAR\DZ10_Debug\Obj\MK60_spi.o
#        C:\Users\Jack\Desktop\小车K60测试版\Prj\IAR\DZ10_Debug\Obj\MK60_SysTick.o
#        C:\Users\Jack\Desktop\小车K60测试版\Prj\IAR\DZ10_Debug\Obj\MK60_uart.o
#        C:\Users\Jack\Desktop\小车K60测试版\Prj\IAR\DZ10_Debug\Obj\MK60_usb.o
#        C:\Users\Jack\Desktop\小车K60测试版\Prj\IAR\DZ10_Debug\Obj\MK60_wdog.o
#        C:\Users\Jack\Desktop\小车K60测试版\Prj\IAR\DZ10_Debug\Obj\PID.o
#        C:\Users\Jack\Desktop\小车K60测试版\Prj\IAR\DZ10_Debug\Obj\startup_MK60DZ10.o
#        C:\Users\Jack\Desktop\小车K60测试版\Prj\IAR\DZ10_Debug\Obj\system_MK60DZ10.o
#        C:\Users\Jack\Desktop\小车K60测试版\Prj\IAR\DZ10_Debug\Obj\USB.o
#        C:\Users\Jack\Desktop\小车K60测试版\Prj\IAR\DZ10_Debug\Obj\USB_CDC.o
#        C:\Users\Jack\Desktop\小车K60测试版\Prj\IAR\DZ10_Debug\Obj\VCAN_ASCII.o
#        C:\Users\Jack\Desktop\小车K60测试版\Prj\IAR\DZ10_Debug\Obj\VCAN_BMP.o
#        C:\Users\Jack\Desktop\小车K60测试版\Prj\IAR\DZ10_Debug\Obj\VCAN_camera.o
#        C:\Users\Jack\Desktop\小车K60测试版\Prj\IAR\DZ10_Debug\Obj\VCAN_computer.o
#        C:\Users\Jack\Desktop\小车K60测试版\Prj\IAR\DZ10_Debug\Obj\vcan_img2sd.o
#        C:\Users\Jack\Desktop\小车K60测试版\Prj\IAR\DZ10_Debug\Obj\VCAN_key.o
#        C:\Users\Jack\Desktop\小车K60测试版\Prj\IAR\DZ10_Debug\Obj\VCAN_key_event.o
#        C:\Users\Jack\Desktop\小车K60测试版\Prj\IAR\DZ10_Debug\Obj\VCAN_LCD.o
#        C:\Users\Jack\Desktop\小车K60测试版\Prj\IAR\DZ10_Debug\Obj\VCAN_LCD_CH.o
#        C:\Users\Jack\Desktop\小车K60测试版\Prj\IAR\DZ10_Debug\Obj\VCAN_LCD_ILI9325.o
#        C:\Users\Jack\Desktop\小车K60测试版\Prj\IAR\DZ10_Debug\Obj\VCAN_LCD_ILI9341.o
#        C:\Users\Jack\Desktop\小车K60测试版\Prj\IAR\DZ10_Debug\Obj\VCAN_LCD_ST7735R.o
#        C:\Users\Jack\Desktop\小车K60测试版\Prj\IAR\DZ10_Debug\Obj\VCAN_LCD_ST7735S.o
#        C:\Users\Jack\Desktop\小车K60测试版\Prj\IAR\DZ10_Debug\Obj\VCAN_LED.o
#        C:\Users\Jack\Desktop\小车K60测试版\Prj\IAR\DZ10_Debug\Obj\VCAN_MMA7455.o
#        C:\Users\Jack\Desktop\小车K60测试版\Prj\IAR\DZ10_Debug\Obj\VCAN_NRF24L0.o
#        C:\Users\Jack\Desktop\小车K60测试版\Prj\IAR\DZ10_Debug\Obj\VCAN_NRF24L0_MSG.o
#        C:\Users\Jack\Desktop\小车K60测试版\Prj\IAR\DZ10_Debug\Obj\VCAN_OV7725_Eagle.o
#        C:\Users\Jack\Desktop\小车K60测试版\Prj\IAR\DZ10_Debug\Obj\VCAN_OV7725_Wolf.o
#        C:\Users\Jack\Desktop\小车K60测试版\Prj\IAR\DZ10_Debug\Obj\VCAN_RTC_count.o
#        C:\Users\Jack\Desktop\小车K60测试版\Prj\IAR\DZ10_Debug\Obj\VCAN_SCCB.o
#        C:\Users\Jack\Desktop\小车K60测试版\Prj\IAR\DZ10_Debug\Obj\vcan_sd_app.o
#        C:\Users\Jack\Desktop\小车K60测试版\Prj\IAR\DZ10_Debug\Obj\Vcan_touch.o
#        C:\Users\Jack\Desktop\小车K60测试版\Prj\IAR\DZ10_Debug\Obj\VCAN_TSL1401.o
#        C:\Users\Jack\Desktop\小车K60测试版\Prj\IAR\DZ10_Debug\Obj\VCAN_UI_VAR.o
#        C:\Users\Jack\Desktop\小车K60测试版\Prj\IAR\DZ10_Debug\Obj\vectors.o
#        -o
#        C:\Users\Jack\Desktop\小车K60测试版\Prj\IAR\DZ10_Debug\Exe\vcan_Kinetis.out
#        --map
#        C:\Users\Jack\Desktop\小车K60测试版\Prj\IAR\DZ10_Debug\List\vcan_Kinetis.map
#        --config "C:\Users\Jack\Desktop\小车K60测试版\Prj\IAR\config
#        files\vcan_ROM_K60N512.icf"
#        C:\Users\Jack\Desktop\小车K60测试版\Prj\IAR\..\..\Lib\CMSIS\iar_cortexM4l_math.a
#        --entry __iar_program_start --vfe
#
###############################################################################

*******************************************************************************
*** RUNTIME MODEL ATTRIBUTES
***

CppFlavor       = *
__SystemLibrary = DLib


*******************************************************************************
*** PLACEMENT SUMMARY
***

"A1":  place at 0x00008000 { ro section .intvec };
"A2":  place at 0x00008410 { ro section .noinit };
"P1":  place in [from 0x00008000 to 0x00080000] { ro, block CodeRelocate };
"P2":  place in [from 0x1fff0410 to 0x20010000] {
          rw, block CodeRelocateRam, block CSTACK, block HEAP };

  Section              Kind        Address    Size  Object
  -------              ----        -------    ----  ------
"A1":                                        0x410
  .intvec              const    0x00008000   0x410  vectors.o [1]
                              - 0x00008410   0x410

"A2":                                          0x8
  .noinit              ro code  0x00008410     0x8  startup_MK60DZ10.o [1]
                              - 0x00008418     0x8

"P1":                                       0x5f48
  .text                ro code  0x00008418  0x1c2c  VCAN_LCD_ST7735S.o [1]
  .text                ro code  0x0000a044    0xf0  MK60_gpio.o [1]
  .text                ro code  0x0000a134    0xb0  MK60_port.o [1]
  .text                ro code  0x0000a1e4    0x64  MK60_SysTick.o [1]
  .text                ro code  0x0000a248    0xe4  MK60_conf.o [1]
  .text                ro code  0x0000a32c    0x70  VCAN_LED.o [1]
  .text                ro code  0x0000a39c   0x248  MK60_uart.o [1]
  .text                ro code  0x0000a5e4   0x5fc  VCAN_LCD.o [1]
  .text                ro code  0x0000abe0   0x2e4  VCAN_LCD_CH.o [1]
  .text                ro code  0x0000aec4   0x5d8  main.o [1]
  .text                ro code  0x0000b49c   0x254  VCAN_OV7725_Eagle.o [1]
  .text                ro code  0x0000b6f0    0x50  misc.o [1]
  .text                ro code  0x0000b740   0x500  MK60_ftm.o [1]
  .text                ro code  0x0000bc40    0x7c  MK60_PIT.o [1]
  .text                ro code  0x0000bcbc   0x330  PID.o [1]
  .text                ro code  0x0000bfec   0x378  car.o [1]
  .text                ro code  0x0000c364    0x32  I32ToFlt.o [4]
  .text                ro code  0x0000c398    0x4e  FltToDbl.o [4]
  .text                ro code  0x0000c3e8    0x24  FltCmpLe.o [4]
  .text                ro code  0x0000c40c    0x24  FltToU32.o [4]
  .text                ro code  0x0000c430   0x284  MK60_dma.o [1]
  .text                ro code  0x0000c6b4   0x362  VCAN_SCCB.o [1]
  .text                ro code  0x0000ca18    0xe6  FltSub.o [4]
  .text                ro code  0x0000cb00    0xd8  FltMul.o [4]
  .text                ro code  0x0000cbd8    0x84  FltAdd.o [4]
  .text                ro code  0x0000cc5c    0x24  FltCmpGe.o [4]
  .text                ro code  0x0000cc80    0xfc  FltDiv.o [4]
  .text                ro code  0x0000cd7c    0x1c  I32ToDbl.o [4]
  .text                ro code  0x0000cd98    0xe8  DblAdd.o [4]
  .text                ro code  0x0000ce80   0x180  DblSub.o [4]
  .text                ro code  0x0000d000   0x256  DblDiv.o [4]
  .text                ro code  0x0000d258    0x94  atan.o [4]
  .text                ro code  0x0000d2ec   0x1a2  DblMul.o [4]
  .text                ro code  0x0000d490    0x2e  DblCmpLe.o [4]
  .text                ro code  0x0000d4c0    0x2e  DblCmpGe.o [4]
  .text                ro code  0x0000d4f0    0x4c  DblToI32.o [4]
  .rodata              const    0x0000d53c    0x7c  VCAN_LCD_ST7735S.o [1]
  .text                ro code  0x0000d5b8   0x1e0  xatan.o [4]
  Veneer               ro code  0x0000d798     0x8  - Linker created -
  .text                ro code  0x0000d7a0   0x3c8  MK60_mcg.o [1]
  .text                ro code  0x0000db68   0x12c  system_MK60DZ10.o [1]
  .text                ro code  0x0000dc94    0x40  MK60_wdog.o [1]
  .data_init                    0x0000dcd4   0x114  <Block>
    Initializer bytes  const    0x0000dcd4   0x114  <for .data-1>
  .rodata              const    0x0000dde8    0x78  MK60_SysTick.o [1]
  .rodata              const    0x0000de60    0x74  MK60_dma.o [1]
  .rodata              const    0x0000ded4    0x74  MK60_gpio.o [1]
  .rodata              const    0x0000df48    0x74  MK60_PIT.o [1]
  .rodata              const    0x0000dfbc    0x74  MK60_uart.o [1]
  .rodata              const    0x0000e030    0x70  misc.o [1]
  .rodata              const    0x0000e0a0    0x70  MK60_ftm.o [1]
  CodeRelocate                  0x0000e110    0x50  <Block>
    Initializer bytes  const    0x0000e110    0x50  <for CodeRelocateRam-1>
  .text                ro code  0x0000e160    0x40  zero_init3.o [5]
  .rodata              const    0x0000e1a0    0x3c  MK60_conf.o [1]
  .rodata              const    0x0000e1dc    0x30  main.o [1]
  .text                ro code  0x0000e20c    0x28  data_init.o [5]
  .rodata              const    0x0000e234    0x24  VCAN_OV7725_Eagle.o [1]
  .rodata              const    0x0000e258    0x24  VCAN_OV7725_Eagle.o [1]
  .iar.init_table      const    0x0000e27c    0x10  - Linker created -
  .rodata              const    0x0000e28c    0x20  VCAN_OV7725_Eagle.o [1]
  .text                ro code  0x0000e2ac    0x1a  cmain.o [5]
  .text                ro code  0x0000e2c6     0x4  low_level_init.o [3]
  .text                ro code  0x0000e2ca     0x4  exit.o [3]
  .text                ro code  0x0000e2d0     0xa  cexit.o [5]
  .text                ro code  0x0000e2dc     0xc  XXexit.o [5]
  .rodata              const    0x0000e2e8    0x18  VCAN_OV7725_Eagle.o [1]
  .rodata              const    0x0000e300    0x18  VCAN_OV7725_Eagle.o [1]
  .rodata              const    0x0000e318    0x14  VCAN_OV7725_Eagle.o [1]
  .text                ro code  0x0000e32c     0xc  cstartup_M.o [5]
  .rodata              const    0x0000e338     0x8  main.o [1]
  .text                ro code  0x0000e340     0x8  MK60_it.o [1]
  .rodata              const    0x0000e348     0x4  main.o [1]
  .rodata              const    0x0000e34c     0x4  main.o [1]
  .rodata              const    0x0000e350     0x4  MK60_conf.o [1]
  .rodata              const    0x0000e354     0x4  VCAN_LCD.o [1]
  .rodata              const    0x0000e358     0x4  VCAN_LCD.o [1]
  .rodata              const    0x0000e35c     0x4  VCAN_LCD_CH.o [1]
  .rodata              const    0x0000e360     0x0  zero_init3.o [5]
                              - 0x0000e360  0x5f48

"P2":                                       0x1728
  .data                         0x1fff0410   0x114  <Block>
    .data-1                     0x1fff0410   0x111  <Init block>
      .data            inited   0x1fff0410     0x4  main.o [1]
      .data            inited   0x1fff0414     0x4  main.o [1]
      .data            inited   0x1fff0418     0x4  main.o [1]
      .data            inited   0x1fff041c     0xc  MK60_ftm.o [1]
      .data            inited   0x1fff0428    0x14  MK60_gpio.o [1]
      .data            inited   0x1fff043c    0x44  MK60_mcg.o [1]
      .data            inited   0x1fff0480     0x4  MK60_mcg.o [1]
      .data            inited   0x1fff0484    0x14  MK60_port.o [1]
      .data            inited   0x1fff0498    0x18  MK60_uart.o [1]
      .data            inited   0x1fff04b0     0x2  VCAN_LCD_ST7735S.o [1]
      .data            inited   0x1fff04b2     0x2  VCAN_LCD_ST7735S.o [1]
      .data            inited   0x1fff04b4     0x4  VCAN_LED.o [1]
      .data            inited   0x1fff04b8     0x1  VCAN_OV7725_Eagle.o [1]
      .data            inited   0x1fff04bc    0x64  VCAN_OV7725_Eagle.o [1]
      .data            inited   0x1fff0520     0x1  VCAN_OV7725_Eagle.o [1]
  CodeRelocateRam               0x1fff0524    0x50  <Block>
    CodeRelocateRam-1           0x1fff0524    0x50  <Init block>
      .textrw          inited   0x1fff0524    0x50  MK60_mcg.o [1]
  .bss                          0x1fff0574  0x15c4  <Block>
    .bss               zero     0x1fff0574     0x4  main.o [1]
    .bss               zero     0x1fff0578     0x4  main.o [1]
    .bss               zero     0x1fff057c     0x4  main.o [1]
    .bss               zero     0x1fff0580     0x4  main.o [1]
    .bss               zero     0x1fff0584   0x258  main.o [1]
    .bss               zero     0x1fff07dc  0x12c0  main.o [1]
    .bss               zero     0x1fff1a9c     0x4  main.o [1]
    .bss               zero     0x1fff1aa0     0xc  MK60_ftm.o [1]
    .bss               zero     0x1fff1aac    0x28  PID.o [1]
    .bss               zero     0x1fff1ad4    0x28  PID.o [1]
    .bss               zero     0x1fff1afc    0x24  PID.o [1]
    .bss               zero     0x1fff1b20     0x4  system_MK60DZ10.o [1]
    .bss               zero     0x1fff1b24     0x4  system_MK60DZ10.o [1]
    .bss               zero     0x1fff1b28     0x4  system_MK60DZ10.o [1]
    .bss               zero     0x1fff1b2c     0x4  VCAN_OV7725_Eagle.o [1]
    .bss               zero     0x1fff1b30     0x2  main.o [1]
    .bss               zero     0x1fff1b32     0x2  main.o [1]
    .bss               zero     0x1fff1b34     0x1  VCAN_LCD_ST7735S.o [1]
                              - 0x1fff1b38  0x1728


*******************************************************************************
*** INIT TABLE
***

          Address     Size
          -------     ----
Zero (__iar_zero_init3)
    1 destination range, total size 0x15c1:
          0x1fff0574  0x15c1



*******************************************************************************
*** MODULE SUMMARY
***

    Module               ro code  rw code  ro data  rw data
    ------               -------  -------  -------  -------
C:\Users\Jack\Desktop\小车K60测试版\Prj\IAR\DZ10_Debug\Obj: [1]
    MK60_PIT.o               124               116
    MK60_SysTick.o           100               120
    MK60_conf.o              228                64
    MK60_dma.o               644               116
    MK60_ftm.o             1 280               124       24
    MK60_gpio.o              240               136       20
    MK60_it.o                  8
    MK60_mcg.o               968       80      152       72
    MK60_port.o              176                20       20
    MK60_uart.o              584               140       24
    MK60_wdog.o               64
    PID.o                    816                        116
    VCAN_LCD.o             1 532                 8
    VCAN_LCD_CH.o            740                 4
    VCAN_LCD_ST7735S.o     7 212               128        5
    VCAN_LED.o               112                 4        4
    VCAN_OV7725_Eagle.o      596               277      106
    VCAN_SCCB.o              866
    car.o                    888
    main.o                 1 496                76    5 436
    misc.o                    80               112
    startup_MK60DZ10.o         8
    system_MK60DZ10.o        300                         12
    vectors.o                                1 040
    -------------------------------------------------------
    Total:                19 062       80    2 637    5 839

command line: [2]
    -------------------------------------------------------
    Total:

dl7M_tln.a: [3]
    exit.o                     4
    low_level_init.o           4
    -------------------------------------------------------
    Total:                     8

m7M_tl.a: [4]
    DblAdd.o                 232
    DblCmpGe.o                46
    DblCmpLe.o                46
    DblDiv.o                 598
    DblMul.o                 418
    DblSub.o                 384
    DblToI32.o                76
    FltAdd.o                 132
    FltCmpGe.o                36
    FltCmpLe.o                36
    FltDiv.o                 252
    FltMul.o                 216
    FltSub.o                 230
    FltToDbl.o                78
    FltToU32.o                36
    I32ToDbl.o                28
    I32ToFlt.o                50
    atan.o                   148
    xatan.o                  480
    -------------------------------------------------------
    Total:                 3 522

rt7M_tl.a: [5]
    XXexit.o                  12
    cexit.o                   10
    cmain.o                   26
    cstartup_M.o              12
    data_init.o               40
    zero_init3.o              64
    -------------------------------------------------------
    Total:                   164

    Gaps                      20                          3
    Linker created             8                19
-----------------------------------------------------------
    Grand Total:          22 784       80    2 656    5 842


*******************************************************************************
*** ENTRY LIST
***

Entry                      Address    Size  Type      Object
-----                      -------    ----  ----      ------
.bss$$Base              0x1fff0574           --   Gb  - Linker created -
.bss$$Limit             0x1fff1b38           --   Gb  - Linker created -
.data$$Base             0x1fff0410           --   Gb  - Linker created -
.data$$Limit            0x1fff0524           --   Gb  - Linker created -
.data_init$$Base        0x0000dcd4           --   Gb  - Linker created -
.data_init$$Limit       0x0000dde8           --   Gb  - Linker created -
.iar.init_table$$Base   0x0000e27c           --   Gb  - Linker created -
.iar.init_table$$Limit  0x0000e28c           --   Gb  - Linker created -
?main                   0x0000e2ad          Code  Gb  cmain.o [5]
ASSERT_FAILED_STR       0x0000e1a0    0x3c  Data  Gb  MK60_conf.o [1]
Carcontrol              0x0000b281   0x188  Code  Gb  main.o [1]
CodeRelocate$$Base      0x0000e110           --   Gb  - Linker created -
CodeRelocate$$Limit     0x0000e160           --   Gb  - Linker created -
CodeRelocateRam$$Base   0x1fff0524           --   Gb  - Linker created -
CodeRelocateRam$$Limit  0x1fff0574           --   Gb  - Linker created -
ContinuousImage         0x0000bfed    0x4c  Code  Gb  car.o [1]
DMA0_IRQHandler         0x0000e341     0x8  Code  Gb  MK60_it.o [1]
FTMN                    0x1fff041c     0xc  Data  Gb  MK60_ftm.o [1]
FTM_port_mux            0x0000b741   0x118  Code  Lc  MK60_ftm.o [1]
Find                    0x0000b179    0xd4  Code  Gb  main.o [1]
GPIOX                   0x1fff0428    0x14  Data  Gb  MK60_gpio.o [1]
ImageProcessing         0x0000c039   0x308  Code  Gb  car.o [1]
LCD_Char_CH             0x0000abe1   0x1b0  Code  Gb  VCAN_LCD_CH.o [1]
LCD_Img_Binary_Z        0x0000aa5b   0x168  Code  Gb  VCAN_LCD.o [1]
LCD_ST7735S_dir         0x000093d7   0xa0c  Code  Gb  VCAN_LCD_ST7735S.o [1]
LCD_ST7735S_init        0x00008419   0xfbe  Code  Gb  VCAN_LCD_ST7735S.o [1]
LCD_ST7735S_ptlon       0x00009df9   0x21c  Code  Gb  VCAN_LCD_ST7735S.o [1]
LCD_Str_ENCH            0x0000ad91   0x114  Code  Gb  VCAN_LCD_CH.o [1]
LCD_char                0x0000a6e1   0x1c6  Code  Gb  VCAN_LCD.o [1]
LCD_init                0x0000a5e5    0x2c  Code  Gb  VCAN_LCD.o [1]
LCD_num_BC              0x0000a95d    0xfe  Code  Gb  VCAN_LCD.o [1]
LCD_rectangle           0x0000a611    0xd0  Code  Gb  VCAN_LCD.o [1]
LCD_str                 0x0000a8a7    0xb6  Code  Gb  VCAN_LCD.o [1]
LED_PTxn                0x1fff04b4     0x4  Data  Gb  VCAN_LED.o [1]
MotorControl            0x0000b24d    0x34  Code  Gb  main.o [1]
NVIC_DisableIRQ         0x0000b4b1    0x14  Code  Lc  VCAN_OV7725_Eagle.o [1]
NVIC_EnableIRQ          0x0000aee9    0x16  Code  Lc  main.o [1]
NVIC_EnableIRQ          0x0000b49d    0x14  Code  Lc  VCAN_OV7725_Eagle.o [1]
NVIC_SetPriority        0x0000aeff    0x2a  Code  Lc  main.o [1]
NVIC_SetPriorityGrouping
                        0x0000aec5    0x24  Code  Lc  main.o [1]
PID_init2               0x0000be99    0x38  Code  Gb  PID.o [1]
PID_init_left           0x0000bcbd    0x56  Code  Gb  PID.o [1]
PID_init_right          0x0000be5b    0x3e  Code  Gb  PID.o [1]
PID_realize_left        0x0000bd13   0x148  Code  Gb  PID.o [1]
PIT1_IRQHandler         0x0000b145    0x34  Code  Gb  main.o [1]
PORTA_IRQHandler        0x0000b115    0x30  Code  Gb  main.o [1]
PORTX                   0x1fff0484    0x14  Data  Gb  MK60_port.o [1]
Position_PID            0x0000bed1    0xe8  Code  Gb  PID.o [1]
Region$$Table$$Base     0x0000e27c           --   Gb  - Linker created -
Region$$Table$$Limit    0x0000e28c           --   Gb  - Linker created -
Reset_Handler           0x00008411          Code  Gb  startup_MK60DZ10.o [1]
SCCB_Ack                0x0000c789    0x3c  Code  Lc  VCAN_SCCB.o [1]
SCCB_GPIO_init          0x0000c6cf    0x28  Code  Gb  VCAN_SCCB.o [1]
SCCB_NoAck              0x0000c7c5    0x3c  Code  Lc  VCAN_SCCB.o [1]
SCCB_ReadByte           0x0000c965    0x2c  Code  Gb  VCAN_SCCB.o [1]
SCCB_ReadByte_one       0x0000c991    0x86  Code  Lc  VCAN_SCCB.o [1]
SCCB_ReceiveByte        0x0000c891    0x54  Code  Lc  VCAN_SCCB.o [1]
SCCB_SendByte           0x0000c84d    0x44  Code  Lc  VCAN_SCCB.o [1]
SCCB_Start              0x0000c6f7    0x5e  Code  Lc  VCAN_SCCB.o [1]
SCCB_Stop               0x0000c755    0x34  Code  Lc  VCAN_SCCB.o [1]
SCCB_WaitAck            0x0000c801    0x4c  Code  Lc  VCAN_SCCB.o [1]
SCCB_WriteByte          0x0000c8f5    0x28  Code  Gb  VCAN_SCCB.o [1]
SCCB_WriteByte_one      0x0000c91d    0x48  Code  Lc  VCAN_SCCB.o [1]
SCCB_delay              0x0000c6b5    0x1a  Code  Lc  VCAN_SCCB.o [1]
ST7735S_get_h           0x0000a015     0x6  Code  Gb  VCAN_LCD_ST7735S.o [1]
ST7735S_get_w           0x0000a01b     0x6  Code  Gb  VCAN_LCD_ST7735S.o [1]
Stop                    0x0000b409    0x1c  Code  Gb  main.o [1]
UARTN                   0x1fff0498    0x18  Data  Gb  MK60_uart.o [1]
__BOOT_STACK_ADDRESS {Abs}
                        0x2000fff8           --   Gb  command line/config [2]
__VECTOR_RAM {Abs}      0x1fff0000           --   Gb  command line/config [2]
__VECTOR_TABLE {Abs}    0x00008000           --   Gb  command line/config [2]
__aeabi_cdcmple         0x0000d491          Code  Gb  DblCmpLe.o [4]
__aeabi_cdrcmple        0x0000d4c1          Code  Gb  DblCmpGe.o [4]
__aeabi_cfcmple         0x0000c3e9          Code  Gb  FltCmpLe.o [4]
__aeabi_cfrcmple        0x0000cc5d          Code  Gb  FltCmpGe.o [4]
__aeabi_d2iz            0x0000d4f1          Code  Gb  DblToI32.o [4]
__aeabi_dadd            0x0000cd99          Code  Gb  DblAdd.o [4]
__aeabi_ddiv            0x0000d001          Code  Gb  DblDiv.o [4]
__aeabi_dmul            0x0000d2ed          Code  Gb  DblMul.o [4]
__aeabi_dsub            0x0000ce81          Code  Gb  DblSub.o [4]
__aeabi_f2d             0x0000c399          Code  Gb  FltToDbl.o [4]
__aeabi_f2uiz           0x0000c40d          Code  Gb  FltToU32.o [4]
__aeabi_fadd            0x0000cbd9          Code  Gb  FltAdd.o [4]
__aeabi_fdiv            0x0000cc81          Code  Gb  FltDiv.o [4]
__aeabi_fmul            0x0000cb01          Code  Gb  FltMul.o [4]
__aeabi_fsub            0x0000ca19          Code  Gb  FltSub.o [4]
__aeabi_i2f             0x0000c365          Code  Gb  I32ToFlt.o [4]
__aeabi_ui2d            0x0000cd7d          Code  Gb  I32ToDbl.o [4]
__aeabi_ui2f            0x0000c379          Code  Gb  I32ToFlt.o [4]
__cmain                 0x0000e2ad          Code  Gb  cmain.o [5]
__code_start__ {Abs}    0x00008410           --   Gb  command line/config [2]
__exit                  0x0000e2dd          Code  Gb  XXexit.o [5]
__iar_Atan              0x0000d5b9   0x148  Code  Gb  xatan.o [4]
__iar_d2uiz             0x0000d51d          Code  Gb  DblToI32.o [4]
__iar_dadd              0x0000cdad          Code  Gb  DblAdd.o [4]
__iar_data_init3        0x0000e20d    0x28  Code  Gb  data_init.o [5]
__iar_dsub              0x0000ce95          Code  Gb  DblSub.o [4]
__iar_dsubStart         0x0000cea7          Code  Gb  DblSub.o [4]
__iar_fadd              0x0000cbe9          Code  Gb  FltAdd.o [4]
__iar_fsub              0x0000ca29          Code  Gb  FltSub.o [4]
__iar_fsubStart         0x0000ca39          Code  Gb  FltSub.o [4]
__iar_program_start     0x0000e32d          Code  Gb  cstartup_M.o [5]
__iar_ui2d              0x0000cd81          Code  Gb  I32ToDbl.o [4]
__iar_ui2f              0x0000c37d          Code  Gb  I32ToFlt.o [4]
__iar_zero_init3        0x0000e161    0x40  Code  Gb  zero_init3.o [5]
__low_level_init        0x0000e2c7     0x4  Code  Gb  low_level_init.o [3]
__vector_table          0x00008000   0x410  Data  Gb  vectors.o [1]
_call_main              0x0000e2b9          Code  Gb  cmain.o [5]
_exit                   0x0000e2d1          Code  Gb  cexit.o [5]
_main                   0x0000e2c3          Code  Gb  cmain.o [5]
a                       0x1fff0574     0x4  Data  Gb  main.o [1]
a                       0x0000d758    0x40  Data  Lc  xatan.o [4]
actual_speed_left       0x1fff1b30     0x2  Data  Gb  main.o [1]
actual_speed_right      0x1fff1b32     0x2  Data  Gb  main.o [1]
angle                   0x1fff0580     0x4  Data  Gb  main.o [1]
assert_failed           0x0000a249    0x42  Code  Gb  MK60_conf.o [1]
atan                    0x0000d259    0x94  Code  Gb  atan.o [4]
backcount               0x1fff1a9c     0x4  Data  Gb  main.o [1]
bus_clk_khz             0x1fff1b28     0x4  Data  Gb  system_MK60DZ10.o [1]
common_startup          0x0000dbc3    0x98  Code  Gb  system_MK60DZ10.o [1]
core_clk_khz            0x1fff1b20     0x4  Data  Gb  system_MK60DZ10.o [1]
core_clk_mhz            0x1fff1b24     0x4  Data  Gb  system_MK60DZ10.o [1]
d                       0x1fff057c     0x4  Data  Gb  main.o [1]
default_isr             0x0000a2a1    0x68  Code  Gb  MK60_conf.o [1]
dma_gpio_input_init     0x0000c431    0x5c  Code  Lc  MK60_dma.o [1]
dma_portx2buff_init     0x0000c48d   0x1f4  Code  Gb  MK60_dma.o [1]
enter_fputc             0x0000a28d    0x14  Code  Gb  MK60_conf.o [1]
exit                    0x0000e2cb     0x4  Code  Gb  exit.o [3]
forespeed               0x1fff0418     0x4  Data  Gb  main.o [1]
ftm_mod                 0x1fff1aa0     0xc  Data  Lc  MK60_ftm.o [1]
ftm_pwm_duty            0x0000b9e7    0xe4  Code  Gb  MK60_ftm.o [1]
ftm_pwm_init            0x0000b859   0x18e  Code  Gb  MK60_ftm.o [1]
ftm_quad_clean          0x0000bbfd    0x28  Code  Gb  MK60_ftm.o [1]
ftm_quad_get            0x0000bbd1    0x2c  Code  Gb  MK60_ftm.o [1]
ftm_quad_init           0x0000bacb   0x106  Code  Gb  MK60_ftm.o [1]
gpio_init               0x0000a045    0xae  Code  Gb  MK60_gpio.o [1]
gpio_turn               0x0000a0f3    0x3a  Code  Gb  MK60_gpio.o [1]
hardfault_isr           0x0000a325     0x8  Code  Gb  MK60_conf.o [1]
img                     0x1fff07dc  0x12c0  Data  Gb  main.o [1]
imgbuff                 0x1fff0584   0x258  Data  Gb  main.o [1]
led_init                0x0000a32d    0x3a  Code  Gb  VCAN_LED.o [1]
led_turn                0x0000a367    0x32  Code  Gb  VCAN_LED.o [1]
main                    0x0000af29   0x1ec  Code  Gb  main.o [1]
mcg_cfg                 0x1fff043c    0x44  Data  Gb  MK60_mcg.o [1]
mcg_div                 0x1fff0480     0x4  Data  Gb  MK60_mcg.o [1]
mcg_div_count           0x0000d7a1   0x2fa  Code  Gb  MK60_mcg.o [1]
ov7725_eagle_cfgnum     0x1fff0520     0x1  Data  Gb  VCAN_OV7725_Eagle.o [1]
ov7725_eagle_dma        0x0000b57d    0x14  Code  Gb  VCAN_OV7725_Eagle.o [1]
ov7725_eagle_get_img    0x0000b591    0x42  Code  Gb  VCAN_OV7725_Eagle.o [1]
ov7725_eagle_img_buff   0x1fff1b2c     0x4  Data  Gb  VCAN_OV7725_Eagle.o [1]
ov7725_eagle_img_flag   0x1fff04b8     0x1  Data  Gb  VCAN_OV7725_Eagle.o [1]
ov7725_eagle_init       0x0000b4c5    0x18  Code  Gb  VCAN_OV7725_Eagle.o [1]
ov7725_eagle_port_init  0x0000b4dd    0x54  Code  Lc  VCAN_OV7725_Eagle.o [1]
ov7725_eagle_reg        0x1fff04bc    0x64  Data  Gb  VCAN_OV7725_Eagle.o [1]
ov7725_eagle_reg_init   0x0000b5d3    0xc8  Code  Lc  VCAN_OV7725_Eagle.o [1]
ov7725_eagle_vsync      0x0000b531    0x4c  Code  Gb  VCAN_OV7725_Eagle.o [1]
pid                     0x1fff1aac    0x28  Data  Gb  PID.o [1]
pid2                    0x1fff1afc    0x24  Data  Gb  PID.o [1]
pid3                    0x1fff1ad4    0x28  Data  Gb  PID.o [1]
pit_init                0x0000bc41    0x6c  Code  Gb  MK60_PIT.o [1]
pll_init                0x0000da9b    0xb2  Code  Gb  MK60_mcg.o [1]
port_init               0x0000a135    0x44  Code  Gb  MK60_port.o [1]
port_init_NoALT         0x0000a179    0x62  Code  Gb  MK60_port.o [1]
set_sys_dividers        0x1fff0525    0x50  Code  Gb  MK60_mcg.o [1]
set_vector_handler      0x0000b713    0x22  Code  Gb  misc.o [1]
speed_flag              0x1fff0578     0x4  Data  Gb  main.o [1]
st7735s_dir             0x1fff1b34     0x1  Data  Gb  VCAN_LCD_ST7735S.o [1]
st7735s_h               0x1fff04b0     0x2  Data  Gb  VCAN_LCD_ST7735S.o [1]
st7735s_w               0x1fff04b2     0x2  Data  Gb  VCAN_LCD_ST7735S.o [1]
start                   0x0000db69    0x1e  Code  Gb  system_MK60DZ10.o [1]
state                   0x1fff0414     0x4  Data  Gb  main.o [1]
state_start             0x1fff0410     0x4  Data  Gb  main.o [1]
sysinit                 0x0000db87    0x3c  Code  Gb  system_MK60DZ10.o [1]
systick_delay           0x0000a1e5    0x36  Code  Gb  MK60_SysTick.o [1]
systick_delay_ms        0x0000a21b    0x18  Code  Gb  MK60_SysTick.o [1]
uart_init               0x0000a39d   0x214  Code  Gb  MK60_uart.o [1]
uart_putchar            0x0000a5b1    0x1a  Code  Gb  MK60_uart.o [1]
wdog_disable            0x0000dc95    0x16  Code  Gb  MK60_wdog.o [1]
wdog_unlock             0x0000dcab    0x20  Code  Lc  MK60_wdog.o [1]
write_vtor              0x0000b6f1    0x22  Code  Gb  misc.o [1]


[1] = C:\Users\Jack\Desktop\小车K60测试版\Prj\IAR\DZ10_Debug\Obj
[2] = command line
[3] = dl7M_tln.a
[4] = m7M_tl.a
[5] = rt7M_tl.a

  22 784 bytes of readonly  code memory
      80 bytes of readwrite code memory
   2 656 bytes of readonly  data memory
   5 842 bytes of readwrite data memory

Errors: none
Warnings: none
